// Jest Snapshot v1, https://goo.gl/fbAQLP

exports[`Pruebas en el componente <TodoItem /> debe de hacer match con el snapshot 1`] = `
<div>
  <li
    class="list-group-item d-flex justify-content-between"
  >
    <span
      aria-label="span"
      class="align-self-center "
    >
      Demo Todo
    </span>
    <button
      aria-label="delete-button"
      class="btn btn-danger"
    >
      Borrar
    </button>
  </li>
</div>
`;
